Wed Nov 29 23:53:17 2023
macOS-13.4.1-arm64-arm-64bit
Ren'Py 8.1.3.23091805
 

Bootstrap to the start of init.init. took 0.02s
Early init. took 0.00s
Loader init. took 0.01s
Loading error handling. took 0.02s
Loading script. took 0.05s
Loading save slot metadata. took 0.02s
Loading persistent. took 0.00s
Running init code. took 0.02s
Loading analysis data. took 0.01s
Analyze and compile ATL. took 0.00s
Reloading save slot metadata. took 0.01s
Index archives took 0.00s
Dump and make backups. took 0.02s
Cleaning cache. took 0.00s
Making clean stores. took 0.00s
Initial gc. took 0.01s
DPI scale factor: 1.000000
Creating interface object. took 0.00s
Cleaning stores took 0.00s
Init translation took 0.02s
Build styles took 0.00s
Load screen analysis took 0.01s
Analyze screens took 0.00s
Save screen analysis took 0.00s
Prepare screens took 0.03s
Save pyanalysis. took 0.00s
Save bytecode. took 0.00s
Running _start took 0.00s
Performance test:
Interface start. took 0.15s

Initializing gl2 renderer:
primary display bounds: (0, 0, 1440, 900)
swap interval: 1 frames
Fullscreen mode.
Vendor: "b'Apple'"
Renderer: b'Apple M1'
Version: b'2.1 Metal - 83.1'
Display Info: None
Screen sizes: virtual=(1920, 1080) physical=(1440, 900) drawable=(2880, 1800)
Maximum texture size: 4096x4096

Full traceback:
  File "game/script.rpy", line 281, in script
    robby "woah what did that bottle do?"
  File "/Users/ethanearle/Downloads/Renpy/renpy/ast.py", line 890, in execute
    who = eval_who(self.who, self.who_fast)
  File "/Users/ethanearle/Downloads/Renpy/renpy/ast.py", line 783, in eval_who
    raise Exception("Sayer '%s' is not defined." % who)
Exception: Sayer 'robby' is not defined.

While running game code:
  File "game/script.rpy", line 281, in script
    robby "woah what did that bottle do?"
Exception: Sayer 'robby' is not defined.
While handling exception:
Traceback (most recent call last):
  File "/Users/ethanearle/Downloads/Renpy/renpy/ast.py", line 781, in eval_who
    return renpy.python.py_eval(who)
  File "/Users/ethanearle/Downloads/Renpy/renpy/python.py", line 1153, in py_eval
    return py_eval_bytecode(code, globals, locals)
  File "/Users/ethanearle/Downloads/Renpy/renpy/python.py", line 1146, in py_eval_bytecode
    return eval(bytecode, globals, locals)
  File "<none>", line 1, in <module>
NameError: name 'robby' is not defined

During handling of the above exception, another exception occurred:

Traceback (most recent call last):
  File "/Users/ethanearle/Downloads/Renpy/renpy/execution.py", line 596, in run
    node.execute()
  File "/Users/ethanearle/Downloads/Renpy/renpy/ast.py", line 890, in execute
    who = eval_who(self.who, self.who_fast)
  File "/Users/ethanearle/Downloads/Renpy/renpy/ast.py", line 783, in eval_who
    raise Exception("Sayer '%s' is not defined." % who)
Exception: Sayer 'robby' is not defined.

During handling of the above exception, another exception occurred:

Traceback (most recent call last):
  File "/Users/ethanearle/Downloads/Renpy/renpy/display/error.py", line 140, in report_exception
    renpy.game.invoke_in_new_context(
  File "/Users/ethanearle/Downloads/Renpy/renpy/game.py", line 287, in invoke_in_new_context
    return callable(*args, **kwargs)
  File "/Users/ethanearle/Downloads/Renpy/renpy/display/error.py", line 48, in call_exception_screen
    return renpy.ui.interact(mouse="screen", type="screen", suppress_overlay=True, suppress_underlay=True)
  File "/Users/ethanearle/Downloads/Renpy/renpy/ui.py", line 299, in interact
    rv = renpy.game.interface.interact(roll_forward=roll_forward, **kwargs)
  File "/Users/ethanearle/Downloads/Renpy/renpy/display/core.py", line 3582, in interact
    repeat, rv = self.interact_core(preloads=preloads, trans_pause=trans_pause, pause=pause, pause_start=pause_start, pause_modal=pause_modal, **kwargs) # type: ignore
  File "/Users/ethanearle/Downloads/Renpy/renpy/display/core.py", line 4379, in interact_core
    renpy.audio.audio.periodic()
  File "/Users/ethanearle/Downloads/Renpy/renpy/audio/audio.py", line 1224, in periodic
    raise_(exc[0], exc[1], exc[2])
  File "/home/tom/ab/renpy-build-fix/tmp/install.linux-x86_64/lib/python3.9/site-packages/future/utils/__init__.py", line 444, in raise_
  File "/Users/ethanearle/Downloads/Renpy/renpy/audio/audio.py", line 1202, in periodic_thread_main
    periodic_pass()
  File "/Users/ethanearle/Downloads/Renpy/renpy/audio/audio.py", line 1144, in periodic_pass
    c.periodic()
  File "/Users/ethanearle/Downloads/Renpy/renpy/audio/audio.py", line 534, in periodic
    topf = load(filename)
  File "/Users/ethanearle/Downloads/Renpy/renpy/audio/audio.py", line 72, in load
    rv = renpy.loader.load(fn, directory="audio")
  File "/Users/ethanearle/Downloads/Renpy/renpy/loader.py", line 833, in load
    raise IOError("Couldn't find file '%s'." % name)
OSError: Couldn't find file 'Foosteps-Normal.ogg'.

Full traceback:
  File "/Users/ethanearle/Downloads/Renpy/renpy/bootstrap.py", line 275, in bootstrap
    renpy.main.main()
  File "/Users/ethanearle/Downloads/Renpy/renpy/main.py", line 670, in main
    run(restart)
  File "/Users/ethanearle/Downloads/Renpy/renpy/main.py", line 144, in run
    renpy.execution.run_context(True)
  File "/Users/ethanearle/Downloads/Renpy/renpy/execution.py", line 955, in run_context
    context.run()
  File "game/script.rpy", line 281, in script
    robby "woah what did that bottle do?"
  File "/home/tom/ab/renpy-build-fix/tmp/install.linux-x86_64/lib/python3.9/site-packages/future/utils/__init__.py", line 444, in raise_
  File "game/script.rpy", line 281, in script
    robby "woah what did that bottle do?"
  File "/Users/ethanearle/Downloads/Renpy/renpy/ast.py", line 890, in execute
    who = eval_who(self.who, self.who_fast)
  File "/Users/ethanearle/Downloads/Renpy/renpy/ast.py", line 783, in eval_who
    raise Exception("Sayer '%s' is not defined." % who)
Exception: Sayer 'robby' is not defined.

While running game code:
  File "game/script.rpy", line 281, in script
    robby "woah what did that bottle do?"
  File "game/script.rpy", line 281, in script
    robby "woah what did that bottle do?"
Exception: Sayer 'robby' is not defined.
